
> client@0.0.0 build
> vite build

[36mvite v8.0.10 [32mbuilding client environment for production...[36m[39m
[2K
transforming...Γ£ô 2758 modules transformed.
node.exe : [31mΓ£ù[39m Build failed in 1.24s
At C:\Program Files\nodejs\npm.ps1:29 char:3
+   & $NODE_EXE $NPM_CLI_JS $args
+   ~~~~~~~~~~~~~~~~~~~~~~~~~~~~~
    + CategoryInfo          : NotSpecified: ([31mΓ£ù[39m Build failed in 1.24s:String) [], RemoteException
    + FullyQualifiedErrorId : NativeCommandError
 
[31merror during build:
[31mBuild failed with 1 error:

[31m[builtin:vite-transform] Error:[0m Expected corresponding JSX closing tag for 'motion.p'.
    [38;5;246mΓò¡[0m[38;5;246mΓöÇ[0m[38;5;246m[[0m src/pages/Dashboard.jsx:69:210 [38;5;246m][0m
    [38;5;246mΓöé[0m
 [38;5;246m69 Γöé[0m [38;5;249m [0m[38;5;249m [0m[38;5;249m [0m[38;5;249m [0m[38;5;249m [0m[38;5;249m 
[0m[38;5;249m [0m[38;5;249m [0m[38;5;249m [0m[38;5;249m [0m[38;5;249m<[0mmotion.p[38;5;249m [0m[38;5;249m
v[0m[38;5;249ma[0m[38;5;249mr[0m[38;5;249mi[0m[38;5;249ma[0m[38;5;249mn[0m[38;5;249mt[0m[38;5;249ms[0m[
38;5;249m=[0m[38;5;249m{[0m[38;5;249mi[0m[38;5;249mt[0m[38;5;249me[0m[38;5;249mm[0m[38;5;249mV[0m[38;5;24
9ma[0m[38;5;249mr[0m[38;5;249mi[0m[38;5;249ma[0m[38;5;249mn[0m[38;5;249mt[0m[38;5;249ms[0m[38;5;249m}[0m
[38;5;249m [0m[38;5;249mc[0m[38;5;249ml[0m[38;5;249ma[0m[38;5;249ms[0m[38;5;249ms[0m[38;5;249mN[0m[38;5;
249ma[0m[38;5;249mm[0m[38;5;249me[0m[38;5;249m=[0m[38;5;249m"[0m[38;5;249mt[0m[38;5;249me[0m[38;5;249mx[
0m[38;5;249mt[0m[38;5;249m-[0m[38;5;249mg[0m[38;5;249mr[0m[38;5;249ma[0m[38;5;249my[0m[38;5;249m-[0m[38;
5;249m5[0m[38;5;249m0[0m[38;5;249m0[0m[38;5;249m 
[0m[38;5;249mm[0m[38;5;249mt[0m[38;5;249m-[0m[38;5;249m2[0m[38;5;249m [0m[38;5;249mt[0m[38;5;249me[0m[3
8;5;249mx[0m[38;5;249mt[0m[38;5;249m-[0m[38;5;249ml[0m[38;5;249mg[0m[38;5;249m"[0m[38;5;249m>[0m[38;5;249
mW[0m[38;5;249me[0m[38;5;249ml[0m[38;5;249mc[0m[38;5;249mo[0m[38;5;249mm[0m[38;5;249me[0m[38;5;249m 
[0m[38;5;249mb[0m[38;5;249ma[0m[38;5;249mc[0m[38;5;249mk[0m[38;5;249m,[0m[38;5;249m 
[0m[38;5;249m<[0m[38;5;249ms[0m[38;5;249mp[0m[38;5;249ma[0m[38;5;249mn[0m[38;5;249m [0m[38;5;249mc[0m[3
8;5;249ml[0m[38;5;249ma[0m[38;5;249ms[0m[38;5;249ms[0m[38;5;249mN[0m[38;5;249ma[0m[38;5;249mm[0m[38;5;249
me[0m[38;5;249m=[0m[38;5;249m"[0m[38;5;249mf[0m[38;5;249mo[0m[38;5;249mn[0m[38;5;249mt[0m[38;5;249m-[0m
[38;5;249mb[0m[38;5;249mo[0m[38;5;249ml[0m[38;5;249md[0m[38;5;249m [0m[38;5;249mt[0m[38;5;249me[0m[38;5;2
49mx[0m[38;5;249mt[0m[38;5;249m-[0m[38;5;249mg[0m[38;5;249mr[0m[38;5;249ma[0m[38;5;249my[0m[38;5;249m-[0
m[38;5;249m9[0m[38;5;249m0[0m[38;5;249m0[0m[38;5;249m"[0m[38;5;249m>[0m[38;5;249m{[0m[38;5;249mu[0m[38;5
;249ms[0m[38;5;249me[0m[38;5;249mr[0m[38;5;249m?[0m[38;5;249m.[0m[38;5;249mn[0m[38;5;249ma[0m[38;5;249mm
[0m[38;5;249me[0m[38;5;249m?[0m[38;5;249m.[0m[38;5;249ms[0m[38;5;249mp[0m[38;5;249ml[0m[38;5;249mi[0m[38
;5;249mt[0m[38;5;249m([0m[38;5;249m'[0m[38;5;249m [0m[38;5;249m'[0m[38;5;249m)[0m[38;5;249m[[0m[38;5;249m
0[0m[38;5;249m][0m[38;5;249m}[0m[38;5;249m<[0m[38;5;249m/[0m[38;5;249ms[0m[38;5;249mp[0m[38;5;249ma[0m[
38;5;249mn[0m[38;5;249m>[0m[38;5;249m.[0m[38;5;249m 
[0m[38;5;249mH[0m[38;5;249me[0m[38;5;249mr[0m[38;5;249me[0m[38;5;249m'[0m[38;5;249ms[0m[38;5;249m 
[0m[38;5;249my[0m[38;5;249mo[0m[38;5;249mu[0m[38;5;249mr[0m[38;5;249m [0m[38;5;249mb[0m[38;5;249mi[0m[3
8;5;249mo[0m[38;5;249ml[0m[38;5;249mo[0m[38;5;249mg[0m[38;5;249mi[0m[38;5;249mc[0m[38;5;249ma[0m[38;5;249
ml[0m[38;5;249m [0m[38;5;249mo[0m[38;5;249mv[0m[38;5;249me[0m[38;5;249mr[0m[38;5;249mv[0m[38;5;249mi[0m
[38;5;249me[0m[38;5;249mw[0m[38;5;249m.[0m[38;5;249m<[0m[38;5;249m/[0mp[38;5;249m>[0m
 [38;5;240m   Γöé[0m            ΓöÇΓöÇΓöÇΓöÇΓö¼ΓöÇΓöÇΓöÇ                                                             
                                                                                                                       
          Γö¼  
 [38;5;240m   Γöé[0m                Γò░ΓöÇΓöÇΓöÇΓöÇΓöÇΓöÇΓöÇΓöÇΓöÇΓöÇΓöÇΓöÇΓöÇΓöÇΓöÇΓöÇΓöÇΓöÇΓöÇΓöÇΓöÇΓöÇΓöÇΓöÇΓöÇΓöÇ
ΓöÇΓöÇΓöÇΓöÇΓöÇΓöÇΓöÇΓöÇΓöÇΓöÇΓöÇΓöÇΓöÇΓöÇΓöÇΓöÇΓöÇΓöÇΓöÇΓöÇΓöÇΓöÇΓöÇΓöÇΓöÇΓöÇΓöÇΓöÇΓöÇΓöÇΓöÇΓöÇΓöÇΓöÇΓöÇΓöÇΓöÇΓöÇΓöÇΓö
ÇΓöÇΓöÇΓöÇΓöÇΓöÇΓöÇΓöÇΓöÇΓöÇΓöÇΓöÇΓöÇΓöÇΓöÇΓöÇΓöÇΓöÇΓöÇΓöÇΓöÇΓöÇΓöÇΓöÇΓöÇΓöÇΓöÇΓöÇΓöÇΓöÇΓöÇΓöÇΓöÇΓöÇΓöÇΓöÇΓöÇΓöÇΓöÇΓöÇΓ
öÇΓöÇΓöÇΓöÇΓöÇΓöÇΓöÇΓöÇΓöÇΓöÇΓöÇΓöÇΓöÇΓöÇΓöÇΓöÇΓöÇΓöÇΓöÇΓöÇΓöÇΓöÇΓöÇΓöÇΓöÇΓöÇΓöÇΓöÇΓöÇΓöÇΓöÇΓöÇΓöÇΓöÇΓöÇΓöÇΓöÇΓöÇΓöÇΓöÇ
ΓöÇΓöÇΓöÇΓöÇΓöÇΓöÇΓöÇΓöÇΓöÇΓöÇΓöÇΓöÇΓöÇΓöÇΓöÇΓöÇΓöÇΓöÇΓöÇΓöÇΓöÇΓöÇΓöÇΓöÇΓöÇΓöÇΓöÇΓöÇΓöÇΓöÇΓöÇΓöÇΓöÇΓöÇΓöÇΓöÇΓöÇΓöÇΓöÇΓö
ÇΓöÇΓöÇΓöÇΓöÇΓöÇΓöÇΓöÇΓöÇΓöÇΓöÇΓöÇ Opened here
 [38;5;240m   Γöé[0m                                                                                                 
                                                                                                                 Γöé  
 [38;5;240m   Γöé[0m                                                                                                 
                                                                                                                 
Γò░ΓöÇΓöÇ Expected `</motion.p>`
[38;5;246mΓöÇΓöÇΓöÇΓöÇΓò»[0m
[31m
    at aggregateBindingErrorsIntoJsError (file:///C:/Users/MANJUSRI/Desktop/Healthcare_Assistant/client/node_modules/ro
lldown/dist/shared/error-DL-e8-oE.mjs:48:18)
    at unwrapBindingResult (file:///C:/Users/MANJUSRI/Desktop/Healthcare_Assistant/client/node_modules/rolldown/dist/sh
ared/error-DL-e8-oE.mjs:18:128)
    at #build (file:///C:/Users/MANJUSRI/Desktop/Healthcare_Assistant/client/node_modules/rolldown/dist/shared/rolldown
-build-DSxL8qiP.mjs:3317:34)
    at async buildEnvironment 
(file:///C:/Users/MANJUSRI/Desktop/Healthcare_Assistant/client/node_modules/vite/dist/node/chunks/node.js:33018:64)
    at async Object.build 
(file:///C:/Users/MANJUSRI/Desktop/Healthcare_Assistant/client/node_modules/vite/dist/node/chunks/node.js:33440:19)
    at async Object.buildApp 
(file:///C:/Users/MANJUSRI/Desktop/Healthcare_Assistant/client/node_modules/vite/dist/node/chunks/node.js:33437:153)
    at async CAC.<anonymous> 
(file:///C:/Users/MANJUSRI/Desktop/Healthcare_Assistant/client/node_modules/vite/dist/node/cli.js:778:3) {
  errors: [Getter/Setter]
}[39m
